UnicodeEncodeError: 'gbk' codec can't encode character '\u274c' in position 2: illegal multibyte sequence
